2021-05-30 19:04:15,082: root : INFO: Add: 20 + 10 = 30
2021-05-30 19:05:30,377: root : WARNING: Mul: 20 * 10 = 200
